// Jest Snapshot v1, https://goo.gl/fbAQLP

exports[`testing shopping area wrapper should render component with default props 1`] = `
<Box
  height="100%"
  paddingLeft={
    Object {
      "base": "50",
      "md": "8",
      "sm": "4",
      "xs": "2",
    }
  }
  paddingRight={
    Object {
      "base": "50",
      "md": "8",
      "sm": "4",
      "xs": "2",
    }
  }
>
  <Flex
    display={
      Object {
        "base": "flex",
        "xs": "none",
      }
    }
    justifyContent="space-between"
    paddingBottom="3rem"
    paddingTop="3rem"
    w="100%"
  >
    <Link
      as="/offerte"
      href="/offers"
      key="0"
    >
      <Button
        _hover={
          Object {
            "opacity": 0.6,
          }
        }
        bg="none"
        color="white"
        fontSize="4.8rem"
        fontWeight="bold"
        h="auto"
        lineHeight="5.6rem"
        marginLeft="5rem"
        opacity="0.2"
        p="0"
      >
        Offerte
      </Button>
    </Link>
    <Link
      as="/trattamenti"
      href="/treatments"
      key="1"
    >
      <Button
        _hover={
          Object {
            "opacity": 0.6,
          }
        }
        bg="none"
        color="white"
        fontSize="4.8rem"
        fontWeight="bold"
        h="auto"
        lineHeight="5.6rem"
        marginLeft="5rem"
        opacity="0.2"
        p="0"
      >
        Trattamenti
      </Button>
    </Link>
    <Link
      as="/prodotti"
      href="/products"
      key="2"
    >
      <Button
        _hover={
          Object {
            "opacity": 0.6,
          }
        }
        bg="none"
        color="white"
        fontSize="4.8rem"
        fontWeight="bold"
        h="auto"
        lineHeight="5.6rem"
        marginLeft="5rem"
        opacity="0.2"
        p="0"
      >
        Prodotti
      </Button>
    </Link>
  </Flex>
</Box>
`;
